2026-09-29 09:05:37 === Synchro Sage -> Shopify --simulation ===
2026-09-29 09:05:37 --- 1/3 Produits ---
2026-09-29 09:05:39 Périmètre « poc » : 0 à créer, 0 à mettre à jour (modifiés dans Sage depuis 2026-09-28 12:42:19), 0 à remettre en vente
2026-09-29 09:05:39 0 produit(s) à retirer de la vente (passage en brouillon)
2026-09-29 09:05:39 --- 2/3 Stocks ---
2026-09-29 09:05:41 34 produit(s) Sage dans Shopify — 4 stock(s) différent(s) de Sage
2026-09-29 09:05:41 ┌─────────┬──────────────┬─────────┬──────┐
2026-09-29 09:05:41 │ (index) │ sku          │ shopify │ sage │
2026-09-29 09:05:41 ├─────────┼──────────────┼─────────┼──────┤
2026-09-29 09:05:41 │ 0       │ '0352020012' │ 5       │ 50   │
2026-09-29 09:05:41 │ 1       │ '03520224'   │ 272     │ 10   │
2026-09-29 09:05:41 │ 2       │ '02540112'   │ 5591    │ 500  │
2026-09-29 09:05:41 │ 3       │ '035008521'  │ 10      │ 200  │
2026-09-29 09:05:41 └─────────┴──────────────┴─────────┴──────┘
2026-09-29 09:05:41 --- 3/3 Commandes ---
2026-09-29 09:05:41 Synchro des commandes désactivée (COMMANDES_MODE=off)
2026-09-29 09:05:41 === OK en 3.7 s : Produits ✓   Stocks ✓   Commandes ✓ ===
2026-09-29 09:30:17 === Synchro Sage -> Shopify --simulation ===
2026-09-29 09:30:17 --- 1/3 Produits ---
2026-09-29 09:30:17 ERR Erreur : Aucune synchro précédente : lancer d'abord avec --poc, --tout ou --ref
2026-09-29 09:30:17 --- 2/3 Stocks ---
2026-09-29 09:30:19 0 produit(s) Sage dans Shopify — 0 stock(s) différent(s) de Sage
2026-09-29 09:30:19 --- 3/3 Commandes ---
2026-09-29 09:30:19 Synchro des commandes désactivée (COMMANDES_MODE=off)
2026-09-29 09:30:19 ERR === ÉCHEC en 1.7 s : Produits ✗   Stocks ✓   Commandes ✓ ===
2026-09-29 09:57:06 === Synchro Sage -> Shopify ===
2026-09-29 09:57:06 --- 1/2 Stocks ---
2026-09-29 09:57:09 50 variante(s) gérée(s) — 1 stock(s) différent(s) de Sage (dépôt(s) Magasin SODICO)
2026-09-29 09:57:09   49 sans ligne de stock dans Sage (non modifiées)
2026-09-29 09:57:09 ┌─────────┬─────────┬─────────────┬─────────┬──────┐
2026-09-29 09:57:09 │ (index) │ famille │ sku         │ shopify │ sage │
2026-09-29 09:57:09 ├─────────┼─────────┼─────────────┼─────────┼──────┤
2026-09-29 09:57:09 │ 0       │ '04ALU' │ '040105251' │ 120     │ 0    │
2026-09-29 09:57:09 └─────────┴─────────┴─────────────┴─────────┴──────┘
2026-09-29 09:57:09 Mis à jour : 1   Erreurs : 0
2026-09-29 09:57:09 Rapport : sortie/synchro-stocks-2026-09-29T06-57-09-888Z.json
2026-09-29 09:57:09 --- 2/2 Commandes ---
2026-09-29 09:57:10 Synchro des commandes désactivée (COMMANDES_MODE=off)
2026-09-29 09:57:10 === OK en 3.6 s : Stocks ✓   Commandes ✓ ===
2026-09-29 09:57:10 === Synchro Sage -> Shopify --catalogue ===
2026-09-29 09:57:10 --- 1/3 Catalogue ---
2026-09-29 09:57:13 Familles : 05INJPO, 04ALU, 04FCX — 90 article(s) Sage, dépôt(s) Magasin SODICO
2026-09-29 09:57:13 À faire : 0 famille(s) à créer (0 variantes), 0 variante(s) à ajouter, 0 variante(s) à mettre à jour, 0 prix bloqué(s), 3 signalement(s)
2026-09-29 09:57:13 Familles créées : 0   Variantes ajoutées : 0   Mises à jour : 0   Erreurs : 0
2026-09-29 09:57:13   ℹ 1 × en sommeil dans Sage : stock mis à 0 sur la boutique
2026-09-29 09:57:13   ℹ 2 × pas de prix de vente dans Sage : variante non créée
2026-09-29 09:57:13 Rapport : sortie/synchro-catalogue-2026-09-29T06-57-13-664Z.json
2026-09-29 09:57:13 --- 2/3 Stocks ---
2026-09-29 09:57:16 50 variante(s) gérée(s) — 0 stock(s) différent(s) de Sage (dépôt(s) Magasin SODICO)
2026-09-29 09:57:16   49 sans ligne de stock dans Sage (non modifiées)
2026-09-29 09:57:16 --- 3/3 Commandes ---
2026-09-29 09:57:16 Synchro des commandes désactivée (COMMANDES_MODE=off)
2026-09-29 09:57:16 === OK en 5.8 s : Catalogue ✓   Stocks ✓   Commandes ✓ ===
2026-09-29 16:17:57 === Synchro Sage -> Shopify ===
2026-09-29 16:17:57 --- 1/2 Stocks ---
2026-09-29 16:18:03 0 variante(s) gérée(s) — 0 stock(s) différent(s) de Sage (dépôt(s) Magasin SODICO)
2026-09-29 16:18:03 --- 2/2 Commandes ---
2026-09-29 16:18:04 Synchro des commandes désactivée (COMMANDES_MODE=off)
2026-09-29 16:18:04 === OK en 6.5 s : Stocks ✓   Commandes ✓ ===
2026-09-29 16:18:54 === Synchro Sage -> Shopify ===
2026-09-29 16:18:54 --- 1/2 Stocks ---
2026-09-29 16:18:59 0 variante(s) gérée(s) — 0 stock(s) différent(s) de Sage (dépôt(s) Magasin SODICO)
2026-09-29 16:18:59 --- 2/2 Commandes ---
2026-09-29 16:19:00 Synchro des commandes désactivée (COMMANDES_MODE=off)
2026-09-29 16:19:00 === OK en 5.2 s : Stocks ✓   Commandes ✓ ===
2026-09-29 16:25:27 === Synchro Sage -> Shopify ===
2026-09-29 16:25:27 --- 1/2 Stocks ---
2026-09-29 16:25:29 0 variante(s) gérée(s) — 0 stock(s) différent(s) de Sage (dépôt(s) Magasin SODICO)
2026-09-29 16:25:29 --- 2/2 Commandes ---
2026-09-29 16:25:29 Synchro des commandes désactivée (COMMANDES_MODE=off)
2026-09-29 16:25:29 === OK en 2.2 s : Stocks ✓   Commandes ✓ ===
2026-09-29 16:27:00 === Synchro Sage -> Shopify --catalogue ===
2026-09-29 16:27:00 --- 1/3 Catalogue ---
2026-09-29 16:27:03 Familles : 05INJPO, 04ALU, 04FCX — 90 article(s) Sage, dépôt(s) Magasin SODICO
2026-09-29 16:27:03 À faire : 3 famille(s) à créer (49 variantes), 0 variante(s) à ajouter, 0 variante(s) à mettre à jour, 0 prix bloqué(s), 2 signalement(s)
2026-09-29 16:27:09 Familles créées : 3   Variantes ajoutées : 49   Mises à jour : 0   Erreurs : 0
2026-09-29 16:27:09   ℹ 2 × pas de prix de vente dans Sage : variante non créée
2026-09-29 16:27:09 Rapport : sortie/synchro-catalogue-2026-09-29T13-27-09-209Z.json
2026-09-29 16:27:09 --- 2/3 Stocks ---
2026-09-29 16:27:11 0 variante(s) gérée(s) — 0 stock(s) différent(s) de Sage (dépôt(s) Magasin SODICO)
2026-09-29 16:27:11 --- 3/3 Commandes ---
2026-09-29 16:27:11 Synchro des commandes désactivée (COMMANDES_MODE=off)
2026-09-29 16:27:11 === OK en 10.4 s : Catalogue ✓   Stocks ✓   Commandes ✓ ===
2026-09-29 16:29:07 === Synchro Sage -> Shopify --catalogue ===
2026-09-29 16:29:07 --- 1/3 Catalogue ---
2026-09-29 16:29:12 Familles : 05INJPO, 04ALU, 04FCX — 90 article(s) Sage, dépôt(s) Magasin SODICO
2026-09-29 16:29:12 À faire : 0 famille(s) à créer (0 variantes), 0 variante(s) à ajouter, 0 variante(s) à mettre à jour, 0 prix bloqué(s), 2 signalement(s)
2026-09-29 16:29:12 Familles créées : 0   Variantes ajoutées : 0   Mises à jour : 0   Erreurs : 0
2026-09-29 16:29:12   ℹ 2 × pas de prix de vente dans Sage : variante non créée
2026-09-29 16:29:12 Rapport : sortie/synchro-catalogue-2026-09-29T13-29-12-212Z.json
2026-09-29 16:29:12 --- 2/3 Stocks ---
2026-09-29 16:29:16 49 variante(s) gérée(s) — 0 stock(s) différent(s) de Sage (dépôt(s) Magasin SODICO)
2026-09-29 16:29:16   49 sans ligne de stock dans Sage (non modifiées)
2026-09-29 16:29:16 --- 3/3 Commandes ---
2026-09-29 16:29:16 Synchro des commandes désactivée (COMMANDES_MODE=off)
2026-09-29 16:29:16 === OK en 8.6 s : Catalogue ✓   Stocks ✓   Commandes ✓ ===
